
> restaurant_project@2.0.0 build
> next build

Γû▓ Next.js 16.1.6 (Turbopack)
- Environments: .env

  Creating an optimized production build ...
Γ£ô Compiled successfully in 11.0s
  Running TypeScript ...
node.exe : Failed to 
compile.
At line:1 char:1
+ & "C:\Program Files\
nodejs/node.exe" 
"C:\Program 
Files\nodejs/node_mo 
...
+ ~~~~~~~~~~~~~~~~~~~~
~~~~~~~~~~~~~~~~~~~~~~
~~~~~~~~~~~~~~~~~~~~~~
~~~~~
    + CategoryInfo    
          : NotSpeci  
  fied: (Failed to    
 compile.:String)     
[], RemoteExcepti    
on
    + FullyQualifiedE 
   rrorId : NativeCo  
  mmandError
 

.next/types/validator.
ts:171:31
Type error: Type 
'typeof import("D:/Per
sonal/mess-website/src
/app/api/categories/[i
d]/route")' does not 
satisfy the 
constraint 'RouteHandl
erConfig<"/api/categor
ies/[id]">'.
  Types of property 
'PUT' are 
incompatible.
    Type '(req: 
Request, { params }: 
{ params: { id: 
string; }; }) => Promi
se<NextResponse<{ id: 
string; name: string; 
createdAt: Date; 
updatedAt: Date; }> | 
NextResponse<{ error: 
string; }>>' is not 
assignable to type 
'(request: 
NextRequest, context: 
{ params: Promise<{ 
id: string; }>; }) => 
void | Response | 
Promise<void | 
Response>'.
      Types of 
parameters '__1' and 
'context' are 
incompatible.
        Type '{ 
params: Promise<{ id: 
string; }>; }' is not 
assignable to type '{ 
params: { id: string; 
}; }'.
          Types of 
property 'params' are 
incompatible.
            Property 
'id' is missing in 
type 'Promise<{ id: 
string; }>' but 
required in type '{ 
id: string; }'.

[0m [90m 169 |[39m 
  type __IsExpected[3
3m<[39m[33mSpecific
[39m 
[36mextends[39m [33
mRouteHandlerConfig[3
9m[33m<[39m[32m"/ap
i/categories/[id]"[39
m[33m>>[39m 
[33m=[39m 
[33mSpecific[39m
 [90m 170 |[39m   
[36mconst[39m 
handler [33m=[39m 
{} [36mas[39m 
[36mtypeof[39m [36m
import[39m([32m"../.
./src/app/api/categori
es/[id]/route.js"[39m
)
[31m[1m>[22m[39m[
90m 171 |[39m   type 
__Check [33m=[39m __
IsExpected[33m<[39m
[36mtypeof[39m 
handler[33m>[39m
 [90m     |[39m     
                      
    
[31m[1m^[22m[39m
 [90m 172 |[39m   
[90m// 
@ts-ignore[39m
 [90m 173 |[39m   
type __Unused 
[33m=[39m __Check
 [90m 174 |[39m 
}[0m
Next.js build worker 
exited with code: 1 
and signal: null
